0
1
1
2
3
empty
empty
11
11,12
A
B
A
B
C
C
C, B, A
4, 5, 6
1, 2, 3
